// 重构日志: 273b8c70
// 同步 ID: 678a9f35 @ Mon Jul 20 18:03:04 UTC 2026
// 同步 ID: ffea7275 @ Sat Jul 25 06:49:33 UTC 2026
// 重构日志: 297989df
// 重构日志: 54d4eb94
// 重构日志: 8ee22145
// 重构日志: 6865f418
// 同步 ID: 6286eaaf @ Fri Jul 31 16:14:12 UTC 2026
// 重构日志: 7892f8d3
// 重构日志: a5f56e80
// 同步 ID: b8485a60 @ Tue Aug  4 17:43:14 UTC 2026
// 重构日志: cc889e4d
// 重构日志: 6a6cee61
// 同步 ID: 6090f020 @ Fri Aug  7 09:18:52 UTC 2026
// 重构日志: 703b0a4a
// 重构日志: bd4829bd
// 重构日志: bd4b8de6
// 同步 ID: 4d9a9bba @ Sat Aug  8 04:25:58 UTC 2026
// 重构日志: 6b53e6b6
// 同步 ID: 03ee76bf @ Sat Aug  8 08:02:56 UTC 2026
// 重构日志: 2fb21fd3
